******************************************************************************
                  TI ARM Linker PC v5.2.5                      
******************************************************************************
>> Linked Mon Oct 31 15:43:54 2016

OUTPUT FILE NAME:   <Rotary_Encoder.out>
ENTRY POINT SYMBOL: "_c_int00"  address: 000007d1


MEMORY CONFIGURATION

         name            origin    length      used     unused   attr    fill
----------------------  --------  ---------  --------  --------  ----  --------
  FLASH                 00000000   00040000  00000a16  0003f5ea  R  X
  SRAM                  20000000   00008000  00000217  00007de9  RW X


SEGMENT ALLOCATION MAP

run origin  load origin   length   init length attrs members
----------  ----------- ---------- ----------- ----- -------
00000000    00000000    00000a18   00000a18    r-x
  00000000    00000000    0000026c   0000026c    r-- .intvecs
  0000026c    0000026c    0000071a   0000071a    r-x .text
  00000988    00000988    00000070   00000070    r-- .const
  000009f8    000009f8    00000020   00000020    r-- .cinit
20000000    20000000    00000217   00000000    rw-
  20000000    20000000    00000200   00000000    rw- .stack
  20000200    20000200    00000017   00000000    rw- .data


SECTION ALLOCATION MAP

 output                                  attributes/
section   page    origin      length       input sections
--------  ----  ----------  ----------   ----------------
.intvecs   0    00000000    0000026c     
                  00000000    0000026c     tm4c123gh6pm_startup_ccs.obj (.intvecs)

.text      0    0000026c    0000071a     
                  0000026c    00000132     driverlib.lib : gpio.obj (.text:GPIOPadConfigSet)
                  0000039e    00000002     --HOLE-- [fill = 0]
                  000003a0    000000f4                   : sysctl.obj (.text:SysCtlClockSet)
                  00000494    0000009c     rtsv7M4_T_le_v4SPD16_eabi.lib : memcpy_t2.obj (.text)
                  00000530    0000008c     main.obj (.text)
                  000005bc    0000007a     rtsv7M4_T_le_v4SPD16_eabi.lib : memset_t2.obj (.text)
                  00000636    00000002     --HOLE-- [fill = 0]
                  00000638    0000006c                                   : autoinit.obj (.text)
                  000006a4    0000006a                                   : copy_decompress_rle.obj (.text)
                  0000070e    00000002     --HOLE-- [fill = 0]
                  00000710    00000068     driverlib.lib : interrupt.obj (.text:IntEnable)
                  00000778    00000056                   : gpio.obj (.text:GPIOIntTypeSet)
                  000007ce    00000002     --HOLE-- [fill = 0]
                  000007d0    00000050     rtsv7M4_T_le_v4SPD16_eabi.lib : boot.obj (.text)
                  00000820    0000004c                                   : cpy_tbl.obj (.text)
                  0000086c    00000044                                   : exit.obj (.text)
                  000008b0    00000034     driverlib.lib : sysctl.obj (.text:SysCtlPeripheralEnable)
                  000008e4    0000002a                   : gpio.obj (.text:GPIODirModeSet)
                  0000090e    00000002     --HOLE-- [fill = 0]
                  00000910    00000018     rtsv7M4_T_le_v4SPD16_eabi.lib : args_main.obj (.text)
                  00000928    00000014                                   : _lock.obj (.text)
                  0000093c    0000000e     driverlib.lib : gpio.obj (.text:GPIOIntStatus)
                  0000094a    0000000e     rtsv7M4_T_le_v4SPD16_eabi.lib : copy_decompress_none.obj (.text:decompress:none)
                  00000958    0000000c     driverlib.lib : gpio.obj (.text:GPIOIntEnable)
                  00000964    0000000c     tm4c123gh6pm_startup_ccs.obj (.text)
                  00000970    00000006     driverlib.lib : gpio.obj (.text:GPIOIntClear)
                  00000976    00000006                   : sysctl.obj (.text:SysCtlDelay)
                  0000097c    00000006     rtsv7M4_T_le_v4SPD16_eabi.lib : copy_decompress_rle.obj (.text:decompress:rle24)
                  00000982    00000004                                   : pre_init.obj (.text)

.const     0    00000988    00000070     
                  00000988    00000070     driverlib.lib : interrupt.obj (.const)

.cinit     0    000009f8    00000020     
                  000009f8    0000000f     (.cinit..data.load) [load image, compression = rle]
                  00000a07    00000001     --HOLE-- [fill = 0]
                  00000a08    00000008     (__TI_handler_table)
                  00000a10    00000008     (__TI_cinit_table)

.init_array 
*          0    00000000    00000000     UNINITIALIZED

.stack     0    20000000    00000200     UNINITIALIZED
                  20000000    00000200     --HOLE--

.data      0    20000200    00000017     UNINITIALIZED
                  20000200    00000008     rtsv7M4_T_le_v4SPD16_eabi.lib : _lock.obj (.data)
                  20000208    00000008                                   : exit.obj (.data)
                  20000210    00000004                                   : stkdepth_vars.obj (.data)
                  20000214    00000003     main.obj (.data)

.TI.persistent 
*          0    20000200    00000000     UNINITIALIZED


LINKER GENERATED COPY TABLES

__TI_cinit_table @ 00000a10 records: 1, size/record: 8, table size: 8
	.data: load addr=000009f8, load size=0000000f bytes, run addr=20000200, run size=00000017 bytes, compression=rle


LINKER GENERATED HANDLER TABLE

__TI_handler_table @ 00000a08 records: 2, size/record: 4, table size: 8
	index: 0, handler: __TI_decompress_rle24
	index: 1, handler: __TI_decompress_none


GLOBAL SYMBOLS: SORTED ALPHABETICALLY BY Name 

address   name                    
-------   ----                    
0000086d  C$$EXIT                 
0000056f  Channel_ISR             
000008e5  GPIODirModeSet          
00000971  GPIOIntClear            
00000959  GPIOIntEnable           
0000093d  GPIOIntStatus           
00000779  GPIOIntTypeSet          
0000026d  GPIOPadConfigSet        
00000711  IntEnable               
00000965  ResetISR                
UNDEFED   SHT$$INIT_ARRAY$$Base   
UNDEFED   SHT$$INIT_ARRAY$$Limit  
000003a1  SysCtlClockSet          
00000977  SysCtlDelay             
000008b1  SysCtlPeripheralEnable  
20000200  __STACK_END             
00000200  __STACK_SIZE            
20000200  __STACK_TOP             
00000a10  __TI_CINIT_Base         
00000a18  __TI_CINIT_Limit        
00000a08  __TI_Handler_Table_Base 
00000a10  __TI_Handler_Table_Limit
00000639  __TI_auto_init          
20000208  __TI_cleanup_ptr        
0000094b  __TI_decompress_none    
0000097d  __TI_decompress_rle24   
2000020c  __TI_dtors_ptr          
00000000  __TI_static_base__      
000005bd  __aeabi_memclr          
000005bd  __aeabi_memclr4         
000005bd  __aeabi_memclr8         
00000495  __aeabi_memcpy          
00000495  __aeabi_memcpy4         
00000495  __aeabi_memcpy8         
000005bf  __aeabi_memset          
000005bf  __aeabi_memset4         
000005bf  __aeabi_memset8         
ffffffff  __binit__               
ffffffff  __c_args__              
20000000  __stack                 
00000911  _args_main              
000007d1  _c_int00                
20000200  _lock                   
00000937  _nop                    
0000092f  _register_lock          
00000929  _register_unlock        
00000983  _system_pre_init        
20000204  _unlock                 
00000871  abort                   
ffffffff  binit                   
20000215  channel_a               
20000216  channel_b               
00000821  copy_in                 
20000214  encoder_counter         
00000879  exit                    
00000000  g_pfnVectors            
00000531  main                    
20000210  main_func_sp            
00000495  memcpy                  
000005c5  memset                  


GLOBAL SYMBOLS: SORTED BY Symbol Address 

address   name                    
-------   ----                    
00000000  __TI_static_base__      
00000000  g_pfnVectors            
00000200  __STACK_SIZE            
0000026d  GPIOPadConfigSet        
000003a1  SysCtlClockSet          
00000495  __aeabi_memcpy          
00000495  __aeabi_memcpy4         
00000495  __aeabi_memcpy8         
00000495  memcpy                  
00000531  main                    
0000056f  Channel_ISR             
000005bd  __aeabi_memclr          
000005bd  __aeabi_memclr4         
000005bd  __aeabi_memclr8         
000005bf  __aeabi_memset          
000005bf  __aeabi_memset4         
000005bf  __aeabi_memset8         
000005c5  memset                  
00000639  __TI_auto_init          
00000711  IntEnable               
00000779  GPIOIntTypeSet          
000007d1  _c_int00                
00000821  copy_in                 
0000086d  C$$EXIT                 
00000871  abort                   
00000879  exit                    
000008b1  SysCtlPeripheralEnable  
000008e5  GPIODirModeSet          
00000911  _args_main              
00000929  _register_unlock        
0000092f  _register_lock          
00000937  _nop                    
0000093d  GPIOIntStatus           
0000094b  __TI_decompress_none    
00000959  GPIOIntEnable           
00000965  ResetISR                
00000971  GPIOIntClear            
00000977  SysCtlDelay             
0000097d  __TI_decompress_rle24   
00000983  _system_pre_init        
00000a08  __TI_Handler_Table_Base 
00000a10  __TI_CINIT_Base         
00000a10  __TI_Handler_Table_Limit
00000a18  __TI_CINIT_Limit        
20000000  __stack                 
20000200  __STACK_END             
20000200  __STACK_TOP             
20000200  _lock                   
20000204  _unlock                 
20000208  __TI_cleanup_ptr        
2000020c  __TI_dtors_ptr          
20000210  main_func_sp            
20000214  encoder_counter         
20000215  channel_a               
20000216  channel_b               
ffffffff  __binit__               
ffffffff  __c_args__              
ffffffff  binit                   
UNDEFED   SHT$$INIT_ARRAY$$Base   
UNDEFED   SHT$$INIT_ARRAY$$Limit  

[60 symbols]
